// Jest Snapshot v1, https://goo.gl/fbAQLP

exports[`renders Page and saves snapshot 1`] = `
<DocumentFragment>
  <div
    class="grid grid-rows-[20px_1fr_20px] items-center justify-items-center min-h-screen p-8 pb-20 gap-16 sm:p-20 font-[family-name:var(--font-geist-sans)]"
    id="home"
  >
    <div
      class="text-4xl"
      role="main-text"
    >
      Get 
      <code
        class="transition ease-in-out delay-150 bg-blue-500 hover:-translate-y-1 hover:scale-110 hover:bg-indigo-500 duration-300 hover:bg-gradient-to-r from-purple-500 hover:to-blue-1000 rounded-md"
      >
        ...more
      </code>
       knowledge
    </div>
  </div>
</DocumentFragment>
`;
